// Jest Snapshot v1, https://goo.gl/fbAQLP

exports[`Button test should render button 1`] = `
<div>
  <button
    buttonsize="medium"
    class="sc-aYaIB kJktPT"
  >
    test
  </button>
</div>
`;
