// Jest Snapshot v1, https://goo.gl/fbAQLP

exports[`Button test should render button 1`] = `
<div>
  <button
    class="sc-aYaIB eCpUyc storybook-button--medium storybook-button--secondary"
  >
    test
  </button>
</div>
`;
